------------------------------------------------------------
Timing Analyzer Summary
------------------------------------------------------------

Type  : Slow 1100mV 85C Model Setup 'clk'
Slack : -11.077
TNS   : -3093.925

Type  : Slow 1100mV 85C Model Hold 'clk'
Slack : 0.415
TNS   : 0.000

Type  : Slow 1100mV 85C Model Minimum Pulse Width 'clk'
Slack : -0.724
TNS   : -983.400

Type  : Slow 1100mV 0C Model Setup 'clk'
Slack : -11.446
TNS   : -3087.324

Type  : Slow 1100mV 0C Model Hold 'clk'
Slack : 0.403
TNS   : 0.000

Type  : Slow 1100mV 0C Model Minimum Pulse Width 'clk'
Slack : -0.724
TNS   : -983.531

Type  : Fast 1100mV 85C Model Setup 'clk'
Slack : -4.108
TNS   : -984.721

Type  : Fast 1100mV 85C Model Hold 'clk'
Slack : 0.180
TNS   : 0.000

Type  : Fast 1100mV 85C Model Minimum Pulse Width 'clk'
Slack : -0.092
TNS   : -75.943

Type  : Fast 1100mV 0C Model Setup 'clk'
Slack : -3.682
TNS   : -861.691

Type  : Fast 1100mV 0C Model Hold 'clk'
Slack : 0.164
TNS   : 0.000

Type  : Fast 1100mV 0C Model Minimum Pulse Width 'clk'
Slack : -0.090
TNS   : -76.664

------------------------------------------------------------
