------------------------------------------------------------
Timing Analyzer Summary
------------------------------------------------------------

Type  : Slow 1100mV 85C Model Setup 'clk'
Slack : -8.060
TNS   : -822.074

Type  : Slow 1100mV 85C Model Hold 'clk'
Slack : 0.546
TNS   : 0.000

Type  : Slow 1100mV 85C Model Minimum Pulse Width 'clk'
Slack : -0.724
TNS   : -126.982

Type  : Slow 1100mV 0C Model Setup 'clk'
Slack : -7.935
TNS   : -812.954

Type  : Slow 1100mV 0C Model Hold 'clk'
Slack : 0.564
TNS   : 0.000

Type  : Slow 1100mV 0C Model Minimum Pulse Width 'clk'
Slack : -0.724
TNS   : -126.647

Type  : Fast 1100mV 85C Model Setup 'clk'
Slack : -2.941
TNS   : -275.593

Type  : Fast 1100mV 85C Model Hold 'clk'
Slack : 0.180
TNS   : 0.000

Type  : Fast 1100mV 85C Model Minimum Pulse Width 'clk'
Slack : -0.092
TNS   : -10.092

Type  : Fast 1100mV 0C Model Setup 'clk'
Slack : -2.568
TNS   : -240.923

Type  : Fast 1100mV 0C Model Hold 'clk'
Slack : 0.170
TNS   : 0.000

Type  : Fast 1100mV 0C Model Minimum Pulse Width 'clk'
Slack : -0.091
TNS   : -10.113

------------------------------------------------------------
