Analysis & Synthesis report for kmean
Thu Apr 22 08:19:08 2021
Quartus Prime Version 20.1.1 Build 720 11/11/2020 SJ Lite Edition


---------------------
; Table of Contents ;
---------------------
  1. Legal Notice
  2. Analysis & Synthesis Summary
  3. Analysis & Synthesis Settings
  4. Parallel Compilation
  5. Analysis & Synthesis Source Files Read
  6. Analysis & Synthesis Resource Usage Summary
  7. Analysis & Synthesis Resource Utilization by Entity
  8. Analysis & Synthesis RAM Summary
  9. Analysis & Synthesis DSP Block Usage Summary
 10. State Machine - |kmean|state
 11. Registers Removed During Synthesis
 12. General Register Statistics
 13. Registers Packed Into Inferred Megafunctions
 14. Multiplexer Restructuring Statistics (Restructuring Performed)
 15. Source assignments for mb:mem|altsyncram:mem_rtl_0|altsyncram_s5n1:auto_generated
 16. Parameter Settings for User Entity Instance: Top-level Entity: |kmean
 17. Parameter Settings for User Entity Instance: mb:mem
 18. Parameter Settings for Inferred Entity Instance: mb:mem|altsyncram:mem_rtl_0
 19. altsyncram Parameter Settings by Entity Instance
 20. Post-Synthesis Netlist Statistics for Top Partition
 21. Elapsed Time Per Partition
 22. Analysis & Synthesis Messages



----------------
; Legal Notice ;
----------------
Copyright (C) 2020  Intel Corporation. All rights reserved.
Your use of Intel Corporation's design tools, logic functions 
and other software and tools, and any partner logic 
functions, and any output files from any of the foregoing 
(including device programming or simulation files), and any 
associated documentation or information are expressly subject 
to the terms and conditions of the Intel Program License 
Subscription Agreement, the Intel Quartus Prime License Agreement,
the Intel FPGA IP License Agreement, or other applicable license
agreement, including, without limitation, that your use is for
the sole purpose of programming logic devices manufactured by
Intel and sold by Intel or its authorized distributors.  Please
refer to the applicable agreement for further details, at
https://fpgasoftware.intel.com/eula.



+-------------------------------------------------------------------------------+
; Analysis & Synthesis Summary                                                  ;
+---------------------------------+---------------------------------------------+
; Analysis & Synthesis Status     ; Successful - Thu Apr 22 08:19:08 2021       ;
; Quartus Prime Version           ; 20.1.1 Build 720 11/11/2020 SJ Lite Edition ;
; Revision Name                   ; kmean                                       ;
; Top-level Entity Name           ; kmean                                       ;
; Family                          ; Cyclone V                                   ;
; Logic utilization (in ALMs)     ; N/A                                         ;
; Total registers                 ; 1833                                        ;
; Total pins                      ; 27                                          ;
; Total virtual pins              ; 0                                           ;
; Total block memory bits         ; 2,400                                       ;
; Total DSP Blocks                ; 5                                           ;
; Total HSSI RX PCSs              ; 0                                           ;
; Total HSSI PMA RX Deserializers ; 0                                           ;
; Total HSSI TX PCSs              ; 0                                           ;
; Total HSSI PMA TX Serializers   ; 0                                           ;
; Total PLLs                      ; 0                                           ;
; Total DLLs                      ; 0                                           ;
+---------------------------------+---------------------------------------------+


+---------------------------------------------------------------------------------------------------------------------------+
; Analysis & Synthesis Settings                                                                                             ;
+---------------------------------------------------------------------------------+--------------------+--------------------+
; Option                                                                          ; Setting            ; Default Value      ;
+---------------------------------------------------------------------------------+--------------------+--------------------+
; Device                                                                          ; 5CGTFD9E5F35I7     ;                    ;
; Top-level entity name                                                           ; kmean              ; kmean              ;
; Family name                                                                     ; Cyclone V          ; Cyclone V          ;
; Iteration limit for constant Verilog loops                                      ; 4294967295         ; 5000               ;
; Iteration limit for non-constant Verilog loops                                  ; 4294967295         ; 250                ;
; Type of Retiming Performed During Resynthesis                                   ; Full               ;                    ;
; Resynthesis Optimization Effort                                                 ; Normal             ;                    ;
; Physical Synthesis Level for Resynthesis                                        ; Normal             ;                    ;
; Use Generated Physical Constraints File                                         ; On                 ;                    ;
; Use smart compilation                                                           ; Off                ; Off                ;
; Enable parallel Assembler and Timing Analyzer during compilation                ; On                 ; On                 ;
; Enable compact report table                                                     ; Off                ; Off                ;
; Restructure Multiplexers                                                        ; Auto               ; Auto               ;
; MLAB Add Timing Constraints For Mixed-Port Feed-Through Mode Setting Don't Care ; Off                ; Off                ;
; Create Debugging Nodes for IP Cores                                             ; Off                ; Off                ;
; Preserve fewer node names                                                       ; On                 ; On                 ;
; Intel FPGA IP Evaluation Mode                                                   ; Enable             ; Enable             ;
; Verilog Version                                                                 ; Verilog_2001       ; Verilog_2001       ;
; VHDL Version                                                                    ; VHDL_1993          ; VHDL_1993          ;
; State Machine Processing                                                        ; Auto               ; Auto               ;
; Safe State Machine                                                              ; Off                ; Off                ;
; Extract Verilog State Machines                                                  ; On                 ; On                 ;
; Extract VHDL State Machines                                                     ; On                 ; On                 ;
; Ignore Verilog initial constructs                                               ; Off                ; Off                ;
; Add Pass-Through Logic to Inferred RAMs                                         ; On                 ; On                 ;
; Infer RAMs from Raw Logic                                                       ; On                 ; On                 ;
; Parallel Synthesis                                                              ; On                 ; On                 ;
; DSP Block Balancing                                                             ; Auto               ; Auto               ;
; NOT Gate Push-Back                                                              ; On                 ; On                 ;
; Power-Up Don't Care                                                             ; On                 ; On                 ;
; Remove Redundant Logic Cells                                                    ; Off                ; Off                ;
; Remove Duplicate Registers                                                      ; On                 ; On                 ;
; Ignore CARRY Buffers                                                            ; Off                ; Off                ;
; Ignore CASCADE Buffers                                                          ; Off                ; Off                ;
; Ignore GLOBAL Buffers                                                           ; Off                ; Off                ;
; Ignore ROW GLOBAL Buffers                                                       ; Off                ; Off                ;
; Ignore LCELL Buffers                                                            ; Off                ; Off                ;
; Ignore SOFT Buffers                                                             ; On                 ; On                 ;
; Limit AHDL Integers to 32 Bits                                                  ; Off                ; Off                ;
; Optimization Technique                                                          ; Balanced           ; Balanced           ;
; Carry Chain Length                                                              ; 70                 ; 70                 ;
; Auto Carry Chains                                                               ; On                 ; On                 ;
; Auto Open-Drain Pins                                                            ; On                 ; On                 ;
; Perform WYSIWYG Primitive Resynthesis                                           ; Off                ; Off                ;
; Auto ROM Replacement                                                            ; On                 ; On                 ;
; Auto RAM Replacement                                                            ; On                 ; On                 ;
; Auto DSP Block Replacement                                                      ; On                 ; On                 ;
; Auto Shift Register Replacement                                                 ; Auto               ; Auto               ;
; Allow Shift Register Merging across Hierarchies                                 ; Auto               ; Auto               ;
; Auto Clock Enable Replacement                                                   ; On                 ; On                 ;
; Strict RAM Replacement                                                          ; Off                ; Off                ;
; Allow Synchronous Control Signals                                               ; On                 ; On                 ;
; Force Use of Synchronous Clear Signals                                          ; Off                ; Off                ;
; Auto Resource Sharing                                                           ; Off                ; Off                ;
; Allow Any RAM Size For Recognition                                              ; Off                ; Off                ;
; Allow Any ROM Size For Recognition                                              ; Off                ; Off                ;
; Allow Any Shift Register Size For Recognition                                   ; Off                ; Off                ;
; Use LogicLock Constraints during Resource Balancing                             ; On                 ; On                 ;
; Ignore translate_off and synthesis_off directives                               ; Off                ; Off                ;
; Timing-Driven Synthesis                                                         ; On                 ; On                 ;
; Report Parameter Settings                                                       ; On                 ; On                 ;
; Report Source Assignments                                                       ; On                 ; On                 ;
; Report Connectivity Checks                                                      ; On                 ; On                 ;
; Ignore Maximum Fan-Out Assignments                                              ; Off                ; Off                ;
; Synchronization Register Chain Length                                           ; 3                  ; 3                  ;
; Power Optimization During Synthesis                                             ; Normal compilation ; Normal compilation ;
; HDL message level                                                               ; Level2             ; Level2             ;
; Suppress Register Optimization Related Messages                                 ; Off                ; Off                ;
; Number of Removed Registers Reported in Synthesis Report                        ; 5000               ; 5000               ;
; Number of Swept Nodes Reported in Synthesis Report                              ; 5000               ; 5000               ;
; Number of Inverted Registers Reported in Synthesis Report                       ; 100                ; 100                ;
; Clock MUX Protection                                                            ; On                 ; On                 ;
; Auto Gated Clock Conversion                                                     ; Off                ; Off                ;
; Block Design Naming                                                             ; Auto               ; Auto               ;
; SDC constraint protection                                                       ; Off                ; Off                ;
; Synthesis Effort                                                                ; Auto               ; Auto               ;
; Shift Register Replacement - Allow Asynchronous Clear Signal                    ; On                 ; On                 ;
; Pre-Mapping Resynthesis Optimization                                            ; Off                ; Off                ;
; Analysis & Synthesis Message Level                                              ; Medium             ; Medium             ;
; Disable Register Merging Across Hierarchies                                     ; Auto               ; Auto               ;
; Resource Aware Inference For Block RAM                                          ; On                 ; On                 ;
; Automatic Parallel Synthesis                                                    ; On                 ; On                 ;
; Partial Reconfiguration Bitstream ID                                            ; Off                ; Off                ;
+---------------------------------------------------------------------------------+--------------------+--------------------+


+------------------------------------------+
; Parallel Compilation                     ;
+----------------------------+-------------+
; Processors                 ; Number      ;
+----------------------------+-------------+
; Number detected on machine ; 24          ;
; Maximum allowed            ; 16          ;
;                            ;             ;
; Average used               ; 1.01        ;
; Maximum used               ; 16          ;
;                            ;             ;
; Usage by Processor         ; % Time Used ;
;     Processor 1            ; 100.0%      ;
;     Processor 2            ;   0.2%      ;
;     Processor 3            ;   0.0%      ;
;     Processor 4            ;   0.0%      ;
;     Processor 5            ;   0.0%      ;
;     Processor 6            ;   0.0%      ;
;     Processor 7            ;   0.0%      ;
;     Processor 8            ;   0.0%      ;
;     Processor 9            ;   0.0%      ;
;     Processors 10-16       ;   0.0%      ;
+----------------------------+-------------+


+-------------------------------------------------------------------------------------------------------------------------------------------------------------------------------------------------------+
; Analysis & Synthesis Source Files Read                                                                                                                                                                ;
+----------------------------------+-----------------+------------------------------+---------------------------------------------------------------------------------------------------------+---------+
; File Name with User-Entered Path ; Used in Netlist ; File Type                    ; File Name with Absolute Path                                                                            ; Library ;
+----------------------------------+-----------------+------------------------------+---------------------------------------------------------------------------------------------------------+---------+
; kmean.v                          ; yes             ; User Verilog HDL File        ; C:/Users/oxygen/Documents/GitHub/KMeansClusteringSW/verilog/sequential_manhattan/kmean.v                ;         ;
; output_files/mb.v                ; yes             ; User Verilog HDL File        ; C:/Users/oxygen/Documents/GitHub/KMeansClusteringSW/verilog/sequential_manhattan/output_files/mb.v      ;         ;
; altsyncram.tdf                   ; yes             ; Megafunction                 ; e:/intel20.1/quartus/libraries/megafunctions/altsyncram.tdf                                             ;         ;
; stratix_ram_block.inc            ; yes             ; Megafunction                 ; e:/intel20.1/quartus/libraries/megafunctions/stratix_ram_block.inc                                      ;         ;
; lpm_mux.inc                      ; yes             ; Megafunction                 ; e:/intel20.1/quartus/libraries/megafunctions/lpm_mux.inc                                                ;         ;
; lpm_decode.inc                   ; yes             ; Megafunction                 ; e:/intel20.1/quartus/libraries/megafunctions/lpm_decode.inc                                             ;         ;
; aglobal201.inc                   ; yes             ; Megafunction                 ; e:/intel20.1/quartus/libraries/megafunctions/aglobal201.inc                                             ;         ;
; a_rdenreg.inc                    ; yes             ; Megafunction                 ; e:/intel20.1/quartus/libraries/megafunctions/a_rdenreg.inc                                              ;         ;
; altrom.inc                       ; yes             ; Megafunction                 ; e:/intel20.1/quartus/libraries/megafunctions/altrom.inc                                                 ;         ;
; altram.inc                       ; yes             ; Megafunction                 ; e:/intel20.1/quartus/libraries/megafunctions/altram.inc                                                 ;         ;
; altdpram.inc                     ; yes             ; Megafunction                 ; e:/intel20.1/quartus/libraries/megafunctions/altdpram.inc                                               ;         ;
; db/altsyncram_s5n1.tdf           ; yes             ; Auto-Generated Megafunction  ; C:/Users/oxygen/Documents/GitHub/KMeansClusteringSW/verilog/sequential_manhattan/db/altsyncram_s5n1.tdf ;         ;
+----------------------------------+-----------------+------------------------------+---------------------------------------------------------------------------------------------------------+---------+


+---------------------------------------------------------+
; Analysis & Synthesis Resource Usage Summary             ;
+---------------------------------------------+-----------+
; Resource                                    ; Usage     ;
+---------------------------------------------+-----------+
; Estimate of Logic utilization (ALMs needed) ; 1353      ;
;                                             ;           ;
; Combinational ALUT usage for logic          ; 1224      ;
;     -- 7 input functions                    ; 0         ;
;     -- 6 input functions                    ; 859       ;
;     -- 5 input functions                    ; 37        ;
;     -- 4 input functions                    ; 10        ;
;     -- <=3 input functions                  ; 318       ;
;                                             ;           ;
; Dedicated logic registers                   ; 1833      ;
;                                             ;           ;
; I/O pins                                    ; 27        ;
; Total MLAB memory bits                      ; 0         ;
; Total block memory bits                     ; 2400      ;
;                                             ;           ;
; Total DSP Blocks                            ; 5         ;
;                                             ;           ;
; Maximum fan-out node                        ; clk~input ;
; Maximum fan-out                             ; 1857      ;
; Total fan-out                               ; 13648     ;
; Average fan-out                             ; 4.35      ;
+---------------------------------------------+-----------+


+---------------------------------------------------------------------------------------------------------------------------------------------------------------------------------------------------------------------------------------------------------+
; Analysis & Synthesis Resource Utilization by Entity                                                                                                                                                                                                     ;
+-------------------------------------------+---------------------+---------------------------+-------------------+------------+------+--------------+-------------------------------------------------------------------+-----------------+--------------+
; Compilation Hierarchy Node                ; Combinational ALUTs ; Dedicated Logic Registers ; Block Memory Bits ; DSP Blocks ; Pins ; Virtual Pins ; Full Hierarchy Name                                               ; Entity Name     ; Library Name ;
+-------------------------------------------+---------------------+---------------------------+-------------------+------------+------+--------------+-------------------------------------------------------------------+-----------------+--------------+
; |kmean                                    ; 1224 (1224)         ; 1833 (1833)               ; 2400              ; 5          ; 27   ; 0            ; |kmean                                                            ; kmean           ; work         ;
;    |mb:mem|                               ; 0 (0)               ; 0 (0)                     ; 2400              ; 0          ; 0    ; 0            ; |kmean|mb:mem                                                     ; mb              ; work         ;
;       |altsyncram:mem_rtl_0|              ; 0 (0)               ; 0 (0)                     ; 2400              ; 0          ; 0    ; 0            ; |kmean|mb:mem|altsyncram:mem_rtl_0                                ; altsyncram      ; work         ;
;          |altsyncram_s5n1:auto_generated| ; 0 (0)               ; 0 (0)                     ; 2400              ; 0          ; 0    ; 0            ; |kmean|mb:mem|altsyncram:mem_rtl_0|altsyncram_s5n1:auto_generated ; altsyncram_s5n1 ; work         ;
+-------------------------------------------+---------------------+---------------------------+-------------------+------------+------+--------------+-------------------------------------------------------------------+-----------------+--------------+
Note: For table entries with two numbers listed, the numbers in parentheses indicate the number of resources of the given type used by the specific entity alone. The numbers listed outside of parentheses indicate the total resources of the given type used by the specific entity and all of its sub-entities in the hierarchy.


+---------------------------------------------------------------------------------------------------------------------------------------------------------------------------+
; Analysis & Synthesis RAM Summary                                                                                                                                          ;
+-----------------------------------------------------------------------+------+------------------+--------------+--------------+--------------+--------------+------+------+
; Name                                                                  ; Type ; Mode             ; Port A Depth ; Port A Width ; Port B Depth ; Port B Width ; Size ; MIF  ;
+-----------------------------------------------------------------------+------+------------------+--------------+--------------+--------------+--------------+------+------+
; mb:mem|altsyncram:mem_rtl_0|altsyncram_s5n1:auto_generated|ALTSYNCRAM ; AUTO ; Simple Dual Port ; 100          ; 24           ; 100          ; 24           ; 2400 ; None ;
+-----------------------------------------------------------------------+------+------------------+--------------+--------------+--------------+--------------+------+------+


+-----------------------------------------------+
; Analysis & Synthesis DSP Block Usage Summary  ;
+---------------------------------+-------------+
; Statistic                       ; Number Used ;
+---------------------------------+-------------+
; Independent 9x9                 ; 3           ;
; Independent 27x27               ; 2           ;
; Total number of DSP blocks      ; 5           ;
;                                 ;             ;
; Fixed Point Unsigned Multiplier ; 5           ;
+---------------------------------+-------------+


Encoding Type:  One-Hot
+---------------------------------------------------------------------------------------------------------------------------------------------------------------------------------------------------------+
; State Machine - |kmean|state                                                                                                                                                                            ;
+--------------------+-------------------+------------+-------------+------------+--------------------+--------------+-------------+----------------+------------------+----------------+-----------------+
; Name               ; state.sqaure_dist ; state.diff ; state.fetch ; state.done ; state.store_points ; state.update ; state.check ; state.pipeline ; state.accumulate ; state.distance ; state.configure ;
+--------------------+-------------------+------------+-------------+------------+--------------------+--------------+-------------+----------------+------------------+----------------+-----------------+
; state.configure    ; 0                 ; 0          ; 0           ; 0          ; 0                  ; 0            ; 0           ; 0              ; 0                ; 0              ; 0               ;
; state.distance     ; 0                 ; 0          ; 0           ; 0          ; 0                  ; 0            ; 0           ; 0              ; 0                ; 1              ; 1               ;
; state.accumulate   ; 0                 ; 0          ; 0           ; 0          ; 0                  ; 0            ; 0           ; 0              ; 1                ; 0              ; 1               ;
; state.pipeline     ; 0                 ; 0          ; 0           ; 0          ; 0                  ; 0            ; 0           ; 1              ; 0                ; 0              ; 1               ;
; state.check        ; 0                 ; 0          ; 0           ; 0          ; 0                  ; 0            ; 1           ; 0              ; 0                ; 0              ; 1               ;
; state.update       ; 0                 ; 0          ; 0           ; 0          ; 0                  ; 1            ; 0           ; 0              ; 0                ; 0              ; 1               ;
; state.store_points ; 0                 ; 0          ; 0           ; 0          ; 1                  ; 0            ; 0           ; 0              ; 0                ; 0              ; 1               ;
; state.done         ; 0                 ; 0          ; 0           ; 1          ; 0                  ; 0            ; 0           ; 0              ; 0                ; 0              ; 1               ;
; state.fetch        ; 0                 ; 0          ; 1           ; 0          ; 0                  ; 0            ; 0           ; 0              ; 0                ; 0              ; 1               ;
; state.diff         ; 0                 ; 1          ; 0           ; 0          ; 0                  ; 0            ; 0           ; 0              ; 0                ; 0              ; 1               ;
; state.sqaure_dist  ; 1                 ; 0          ; 0           ; 0          ; 0                  ; 0            ; 0           ; 0              ; 0                ; 0              ; 1               ;
+--------------------+-------------------+------------+-------------+------------+--------------------+--------------+-------------+----------------+------------------+----------------+-----------------+


+---------------------------------------------------------------------------------+
; Registers Removed During Synthesis                                              ;
+----------------------------------------+----------------------------------------+
; Register name                          ; Reason for Removal                     ;
+----------------------------------------+----------------------------------------+
; config_size[0,1,4]                     ; Merged with config_k[0]                ;
; config_k[2..4]                         ; Merged with config_k[1]                ;
; config_size[2,3,5,6]                   ; Merged with config_k[1]                ;
; dy[1..7]                               ; Merged with dy[0]                      ;
; dx[1..7]                               ; Merged with dx[0]                      ;
; dz[1..7]                               ; Merged with dz[0]                      ;
; config_k[1]                            ; Stuck at GND due to stuck port data_in ;
; state~11                               ; Lost fanout                            ;
; state~12                               ; Lost fanout                            ;
; state~13                               ; Lost fanout                            ;
; state~14                               ; Lost fanout                            ;
; dv[1..4]                               ; Merged with dv[0]                      ;
; min_dist[1..4]                         ; Merged with min_dist[0]                ;
; Total Number of Removed Registers = 44 ;                                        ;
+----------------------------------------+----------------------------------------+


+------------------------------------------------------+
; General Register Statistics                          ;
+----------------------------------------------+-------+
; Statistic                                    ; Value ;
+----------------------------------------------+-------+
; Total registers                              ; 1833  ;
; Number of registers using Synchronous Clear  ; 1593  ;
; Number of registers using Synchronous Load   ; 20    ;
; Number of registers using Asynchronous Clear ; 0     ;
; Number of registers using Asynchronous Load  ; 0     ;
; Number of registers using Clock Enable       ; 1820  ;
; Number of registers using Preset             ; 0     ;
+----------------------------------------------+-------+


+----------------------------------------------+
; Registers Packed Into Inferred Megafunctions ;
+--------------------+------------------+------+
; Register Name      ; Megafunction     ; Type ;
+--------------------+------------------+------+
; mb:mem|dout[0..23] ; mb:mem|mem_rtl_0 ; RAM  ;
+--------------------+------------------+------+


+--------------------------------------------------------------------------------------------------------------------------------------------+
; Multiplexer Restructuring Statistics (Restructuring Performed)                                                                             ;
+--------------------+-----------+---------------+----------------------+------------------------+------------+------------------------------+
; Multiplexer Inputs ; Bus Width ; Baseline Area ; Area if Restructured ; Saving if Restructured ; Registered ; Example Multiplexer Output   ;
+--------------------+-----------+---------------+----------------------+------------------------+------------+------------------------------+
; 3:1                ; 45 bits   ; 90 LEs        ; 0 LEs                ; 90 LEs                 ; Yes        ; |kmean|d_x[0]                ;
; 3:1                ; 51 bits   ; 102 LEs       ; 0 LEs                ; 102 LEs                ; Yes        ; |kmean|counters[0][0]        ;
; 3:1                ; 13 bits   ; 26 LEs        ; 13 LEs               ; 13 LEs                 ; Yes        ; |kmean|accs[1][27]           ;
; 3:1                ; 39 bits   ; 78 LEs        ; 0 LEs                ; 78 LEs                 ; Yes        ; |kmean|accs[1][38]           ;
; 3:1                ; 13 bits   ; 26 LEs        ; 13 LEs               ; 13 LEs                 ; Yes        ; |kmean|accs[2][41]           ;
; 3:1                ; 39 bits   ; 78 LEs        ; 0 LEs                ; 78 LEs                 ; Yes        ; |kmean|accs[2][3]            ;
; 3:1                ; 13 bits   ; 26 LEs        ; 13 LEs               ; 13 LEs                 ; Yes        ; |kmean|accs[3][12]           ;
; 3:1                ; 39 bits   ; 78 LEs        ; 0 LEs                ; 78 LEs                 ; Yes        ; |kmean|accs[3][33]           ;
; 3:1                ; 13 bits   ; 26 LEs        ; 13 LEs               ; 13 LEs                 ; Yes        ; |kmean|accs[4][12]           ;
; 3:1                ; 39 bits   ; 78 LEs        ; 0 LEs                ; 78 LEs                 ; Yes        ; |kmean|accs[4][23]           ;
; 3:1                ; 13 bits   ; 26 LEs        ; 13 LEs               ; 13 LEs                 ; Yes        ; |kmean|accs[5][23]           ;
; 3:1                ; 39 bits   ; 78 LEs        ; 0 LEs                ; 78 LEs                 ; Yes        ; |kmean|accs[5][12]           ;
; 3:1                ; 13 bits   ; 26 LEs        ; 13 LEs               ; 13 LEs                 ; Yes        ; |kmean|accs[6][26]           ;
; 3:1                ; 39 bits   ; 78 LEs        ; 0 LEs                ; 78 LEs                 ; Yes        ; |kmean|accs[6][12]           ;
; 3:1                ; 13 bits   ; 26 LEs        ; 13 LEs               ; 13 LEs                 ; Yes        ; |kmean|counters[7][6]        ;
; 3:1                ; 39 bits   ; 78 LEs        ; 0 LEs                ; 78 LEs                 ; Yes        ; |kmean|counters[7][1]        ;
; 3:1                ; 13 bits   ; 26 LEs        ; 13 LEs               ; 13 LEs                 ; Yes        ; |kmean|accs[8][39]           ;
; 3:1                ; 39 bits   ; 78 LEs        ; 0 LEs                ; 78 LEs                 ; Yes        ; |kmean|accs[8][12]           ;
; 3:1                ; 13 bits   ; 26 LEs        ; 13 LEs               ; 13 LEs                 ; Yes        ; |kmean|accs[9][12]           ;
; 3:1                ; 39 bits   ; 78 LEs        ; 0 LEs                ; 78 LEs                 ; Yes        ; |kmean|accs[9][8]            ;
; 3:1                ; 13 bits   ; 26 LEs        ; 13 LEs               ; 13 LEs                 ; Yes        ; |kmean|accs[10][12]          ;
; 3:1                ; 39 bits   ; 78 LEs        ; 0 LEs                ; 78 LEs                 ; Yes        ; |kmean|accs[10][23]          ;
; 3:1                ; 13 bits   ; 26 LEs        ; 13 LEs               ; 13 LEs                 ; Yes        ; |kmean|accs[11][39]          ;
; 3:1                ; 39 bits   ; 78 LEs        ; 0 LEs                ; 78 LEs                 ; Yes        ; |kmean|accs[11][25]          ;
; 3:1                ; 13 bits   ; 26 LEs        ; 13 LEs               ; 13 LEs                 ; Yes        ; |kmean|accs[12][42]          ;
; 3:1                ; 39 bits   ; 78 LEs        ; 0 LEs                ; 78 LEs                 ; Yes        ; |kmean|accs[12][35]          ;
; 3:1                ; 13 bits   ; 26 LEs        ; 13 LEs               ; 13 LEs                 ; Yes        ; |kmean|accs[13][23]          ;
; 3:1                ; 39 bits   ; 78 LEs        ; 0 LEs                ; 78 LEs                 ; Yes        ; |kmean|accs[13][35]          ;
; 3:1                ; 13 bits   ; 26 LEs        ; 13 LEs               ; 13 LEs                 ; Yes        ; |kmean|accs[14][13]          ;
; 3:1                ; 39 bits   ; 78 LEs        ; 0 LEs                ; 78 LEs                 ; Yes        ; |kmean|accs[14][17]          ;
; 3:1                ; 13 bits   ; 26 LEs        ; 13 LEs               ; 13 LEs                 ; Yes        ; |kmean|accs[15][24]          ;
; 3:1                ; 39 bits   ; 78 LEs        ; 0 LEs                ; 78 LEs                 ; Yes        ; |kmean|counters[15][2]       ;
; 3:1                ; 5 bits    ; 10 LEs        ; 5 LEs                ; 5 LEs                  ; Yes        ; |kmean|min_mean[2]           ;
; 3:1                ; 48 bits   ; 96 LEs        ; 0 LEs                ; 96 LEs                 ; Yes        ; |kmean|dy[12]                ;
; 6:1                ; 52 bits   ; 208 LEs       ; 0 LEs                ; 208 LEs                ; Yes        ; |kmean|accs_shadow[15][42]   ;
; 6:1                ; 52 bits   ; 208 LEs       ; 0 LEs                ; 208 LEs                ; Yes        ; |kmean|accs_shadow[14][11]   ;
; 6:1                ; 52 bits   ; 208 LEs       ; 0 LEs                ; 208 LEs                ; Yes        ; |kmean|accs_shadow[13][44]   ;
; 6:1                ; 52 bits   ; 208 LEs       ; 0 LEs                ; 208 LEs                ; Yes        ; |kmean|accs_shadow[12][10]   ;
; 6:1                ; 52 bits   ; 208 LEs       ; 0 LEs                ; 208 LEs                ; Yes        ; |kmean|accs_shadow[11][19]   ;
; 6:1                ; 52 bits   ; 208 LEs       ; 0 LEs                ; 208 LEs                ; Yes        ; |kmean|accs_shadow[10][19]   ;
; 6:1                ; 52 bits   ; 208 LEs       ; 0 LEs                ; 208 LEs                ; Yes        ; |kmean|accs_shadow[9][22]    ;
; 6:1                ; 52 bits   ; 208 LEs       ; 0 LEs                ; 208 LEs                ; Yes        ; |kmean|accs_shadow[8][41]    ;
; 6:1                ; 52 bits   ; 208 LEs       ; 0 LEs                ; 208 LEs                ; Yes        ; |kmean|counters_shadow[7][3] ;
; 6:1                ; 52 bits   ; 208 LEs       ; 0 LEs                ; 208 LEs                ; Yes        ; |kmean|accs_shadow[6][28]    ;
; 6:1                ; 52 bits   ; 208 LEs       ; 0 LEs                ; 208 LEs                ; Yes        ; |kmean|accs_shadow[5][28]    ;
; 6:1                ; 52 bits   ; 208 LEs       ; 0 LEs                ; 208 LEs                ; Yes        ; |kmean|accs_shadow[4][16]    ;
; 6:1                ; 52 bits   ; 208 LEs       ; 0 LEs                ; 208 LEs                ; Yes        ; |kmean|accs_shadow[3][34]    ;
; 6:1                ; 52 bits   ; 208 LEs       ; 0 LEs                ; 208 LEs                ; Yes        ; |kmean|accs_shadow[2][10]    ;
; 6:1                ; 52 bits   ; 208 LEs       ; 0 LEs                ; 208 LEs                ; Yes        ; |kmean|counters_shadow[1][2] ;
; 6:1                ; 52 bits   ; 208 LEs       ; 0 LEs                ; 208 LEs                ; Yes        ; |kmean|counters_shadow[0][5] ;
; 8:1                ; 23 bits   ; 115 LEs       ; 23 LEs               ; 92 LEs                 ; Yes        ; |kmean|min_dist[2]           ;
; 8:1                ; 7 bits    ; 35 LEs        ; 14 LEs               ; 21 LEs                 ; Yes        ; |kmean|mem_address[0]        ;
; 8:1                ; 5 bits    ; 25 LEs        ; 15 LEs               ; 10 LEs                 ; Yes        ; |kmean|mean_address[0]       ;
; 16:1               ; 104 bits  ; 1040 LEs      ; 1040 LEs             ; 0 LEs                  ; No         ; |kmean|Mux123                ;
; 16:1               ; 59 bits   ; 590 LEs       ; 590 LEs              ; 0 LEs                  ; No         ; |kmean|Mux95                 ;
; 8:1                ; 2 bits    ; 10 LEs        ; 6 LEs                ; 4 LEs                  ; No         ; |kmean|state                 ;
+--------------------+-----------+---------------+----------------------+------------------------+------------+------------------------------+


+-----------------------------------------------------------------------------------+
; Source assignments for mb:mem|altsyncram:mem_rtl_0|altsyncram_s5n1:auto_generated ;
+---------------------------------+--------------------+------+---------------------+
; Assignment                      ; Value              ; From ; To                  ;
+---------------------------------+--------------------+------+---------------------+
; OPTIMIZE_POWER_DURING_SYNTHESIS ; NORMAL_COMPILATION ; -    ; -                   ;
+---------------------------------+--------------------+------+---------------------+


+-----------------------------------------------------------------------+
; Parameter Settings for User Entity Instance: Top-level Entity: |kmean ;
+----------------+-------+----------------------------------------------+
; Parameter Name ; Value ; Type                                         ;
+----------------+-------+----------------------------------------------+
; data_size      ; 100   ; Signed Integer                               ;
+----------------+-------+----------------------------------------------+
Note: In order to hide this table in the UI and the text report file, please set the "Show Parameter Settings in Synthesis Report" option in "Analysis and Synthesis Settings -> More Settings" to "Off".


+-----------------------------------------------------+
; Parameter Settings for User Entity Instance: mb:mem ;
+----------------+-------+----------------------------+
; Parameter Name ; Value ; Type                       ;
+----------------+-------+----------------------------+
; wel            ; 24    ; Signed Integer             ;
; size           ; 100   ; Signed Integer             ;
+----------------+-------+----------------------------+
Note: In order to hide this table in the UI and the text report file, please set the "Show Parameter Settings in Synthesis Report" option in "Analysis and Synthesis Settings -> More Settings" to "Off".


+------------------------------------------------------------------------------+
; Parameter Settings for Inferred Entity Instance: mb:mem|altsyncram:mem_rtl_0 ;
+------------------------------------+----------------------+------------------+
; Parameter Name                     ; Value                ; Type             ;
+------------------------------------+----------------------+------------------+
; BYTE_SIZE_BLOCK                    ; 8                    ; Untyped          ;
; AUTO_CARRY_CHAINS                  ; ON                   ; AUTO_CARRY       ;
; IGNORE_CARRY_BUFFERS               ; OFF                  ; IGNORE_CARRY     ;
; AUTO_CASCADE_CHAINS                ; ON                   ; AUTO_CASCADE     ;
; IGNORE_CASCADE_BUFFERS             ; OFF                  ; IGNORE_CASCADE   ;
; WIDTH_BYTEENA                      ; 1                    ; Untyped          ;
; OPERATION_MODE                     ; DUAL_PORT            ; Untyped          ;
; WIDTH_A                            ; 24                   ; Untyped          ;
; WIDTHAD_A                          ; 7                    ; Untyped          ;
; NUMWORDS_A                         ; 100                  ; Untyped          ;
; OUTDATA_REG_A                      ; UNREGISTERED         ; Untyped          ;
; ADDRESS_ACLR_A                     ; NONE                 ; Untyped          ;
; OUTDATA_ACLR_A                     ; NONE                 ; Untyped          ;
; WRCONTROL_ACLR_A                   ; NONE                 ; Untyped          ;
; INDATA_ACLR_A                      ; NONE                 ; Untyped          ;
; BYTEENA_ACLR_A                     ; NONE                 ; Untyped          ;
; WIDTH_B                            ; 24                   ; Untyped          ;
; WIDTHAD_B                          ; 7                    ; Untyped          ;
; NUMWORDS_B                         ; 100                  ; Untyped          ;
; INDATA_REG_B                       ; CLOCK1               ; Untyped          ;
; WRCONTROL_WRADDRESS_REG_B          ; CLOCK1               ; Untyped          ;
; RDCONTROL_REG_B                    ; CLOCK1               ; Untyped          ;
; ADDRESS_REG_B                      ; CLOCK0               ; Untyped          ;
; OUTDATA_REG_B                      ; UNREGISTERED         ; Untyped          ;
; BYTEENA_REG_B                      ; CLOCK1               ; Untyped          ;
; INDATA_ACLR_B                      ; NONE                 ; Untyped          ;
; WRCONTROL_ACLR_B                   ; NONE                 ; Untyped          ;
; ADDRESS_ACLR_B                     ; NONE                 ; Untyped          ;
; OUTDATA_ACLR_B                     ; NONE                 ; Untyped          ;
; RDCONTROL_ACLR_B                   ; NONE                 ; Untyped          ;
; BYTEENA_ACLR_B                     ; NONE                 ; Untyped          ;
; WIDTH_BYTEENA_A                    ; 1                    ; Untyped          ;
; WIDTH_BYTEENA_B                    ; 1                    ; Untyped          ;
; RAM_BLOCK_TYPE                     ; AUTO                 ; Untyped          ;
; BYTE_SIZE                          ; 8                    ; Untyped          ;
; READ_DURING_WRITE_MODE_MIXED_PORTS ; OLD_DATA             ; Untyped          ;
; READ_DURING_WRITE_MODE_PORT_A      ; NEW_DATA_NO_NBE_READ ; Untyped          ;
; READ_DURING_WRITE_MODE_PORT_B      ; NEW_DATA_NO_NBE_READ ; Untyped          ;
; INIT_FILE                          ; UNUSED               ; Untyped          ;
; INIT_FILE_LAYOUT                   ; PORT_A               ; Untyped          ;
; MAXIMUM_DEPTH                      ; 0                    ; Untyped          ;
; CLOCK_ENABLE_INPUT_A               ; NORMAL               ; Untyped          ;
; CLOCK_ENABLE_INPUT_B               ; NORMAL               ; Untyped          ;
; CLOCK_ENABLE_OUTPUT_A              ; NORMAL               ; Untyped          ;
; CLOCK_ENABLE_OUTPUT_B              ; NORMAL               ; Untyped          ;
; CLOCK_ENABLE_CORE_A                ; USE_INPUT_CLKEN      ; Untyped          ;
; CLOCK_ENABLE_CORE_B                ; USE_INPUT_CLKEN      ; Untyped          ;
; ENABLE_ECC                         ; FALSE                ; Untyped          ;
; ECC_PIPELINE_STAGE_ENABLED         ; FALSE                ; Untyped          ;
; WIDTH_ECCSTATUS                    ; 3                    ; Untyped          ;
; DEVICE_FAMILY                      ; Cyclone V            ; Untyped          ;
; CBXI_PARAMETER                     ; altsyncram_s5n1      ; Untyped          ;
+------------------------------------+----------------------+------------------+
Note: In order to hide this table in the UI and the text report file, please set the "Show Parameter Settings in Synthesis Report" option in "Analysis and Synthesis Settings -> More Settings" to "Off".


+-------------------------------------------------------------------------+
; altsyncram Parameter Settings by Entity Instance                        ;
+-------------------------------------------+-----------------------------+
; Name                                      ; Value                       ;
+-------------------------------------------+-----------------------------+
; Number of entity instances                ; 1                           ;
; Entity Instance                           ; mb:mem|altsyncram:mem_rtl_0 ;
;     -- OPERATION_MODE                     ; DUAL_PORT                   ;
;     -- WIDTH_A                            ; 24                          ;
;     -- NUMWORDS_A                         ; 100                         ;
;     -- OUTDATA_REG_A                      ; UNREGISTERED                ;
;     -- WIDTH_B                            ; 24                          ;
;     -- NUMWORDS_B                         ; 100                         ;
;     -- ADDRESS_REG_B                      ; CLOCK0                      ;
;     -- OUTDATA_REG_B                      ; UNREGISTERED                ;
;     -- RAM_BLOCK_TYPE                     ; AUTO                        ;
;     -- READ_DURING_WRITE_MODE_MIXED_PORTS ; OLD_DATA                    ;
+-------------------------------------------+-----------------------------+


+-----------------------------------------------------+
; Post-Synthesis Netlist Statistics for Top Partition ;
+-----------------------+-----------------------------+
; Type                  ; Count                       ;
+-----------------------+-----------------------------+
; arriav_ff             ; 1833                        ;
;     ENA               ; 233                         ;
;     ENA SCLR          ; 1568                        ;
;     ENA SCLR SLD      ; 19                          ;
;     SCLR              ; 6                           ;
;     SLD               ; 1                           ;
;     plain             ; 6                           ;
; arriav_lcell_comb     ; 1224                        ;
;     arith             ; 110                         ;
;         1 data inputs ; 86                          ;
;         2 data inputs ; 24                          ;
;     normal            ; 1002                        ;
;         0 data inputs ; 1                           ;
;         1 data inputs ; 1                           ;
;         2 data inputs ; 48                          ;
;         3 data inputs ; 49                          ;
;         4 data inputs ; 7                           ;
;         5 data inputs ; 37                          ;
;         6 data inputs ; 859                         ;
;     shared            ; 112                         ;
;         0 data inputs ; 3                           ;
;         2 data inputs ; 90                          ;
;         3 data inputs ; 16                          ;
;         4 data inputs ; 3                           ;
; arriav_mac            ; 5                           ;
; boundary_port         ; 27                          ;
; stratixv_ram_block    ; 24                          ;
;                       ;                             ;
; Max LUT depth         ; 5.00                        ;
; Average LUT depth     ; 3.61                        ;
+-----------------------+-----------------------------+


+-------------------------------+
; Elapsed Time Per Partition    ;
+----------------+--------------+
; Partition Name ; Elapsed Time ;
+----------------+--------------+
; Top            ; 00:00:02     ;
+----------------+--------------+


+-------------------------------+
; Analysis & Synthesis Messages ;
+-------------------------------+
Info: *******************************************************************
Info: Running Quartus Prime Analysis & Synthesis
    Info: Version 20.1.1 Build 720 11/11/2020 SJ Lite Edition
    Info: Processing started: Thu Apr 22 08:18:58 2021
Info: Command: quartus_map --read_settings_files=on --write_settings_files=off kmean -c kmean
Warning (18236): Number of processors has not been specified which may cause overloading on shared machines.  Set the global assignment NUM_PARALLEL_PROCESSORS in your QSF to an appropriate value for best performance.
Info (20030): Parallel compilation is enabled and will use 16 of the 24 processors detected
Info (12021): Found 1 design units, including 1 entities, in source file kmean.v
    Info (12023): Found entity 1: kmean File: C:/Users/oxygen/Documents/GitHub/KMeansClusteringSW/verilog/sequential_manhattan/kmean.v Line: 1
Info (12021): Found 1 design units, including 1 entities, in source file main_tb.v
    Info (12023): Found entity 1: main_tb File: C:/Users/oxygen/Documents/GitHub/KMeansClusteringSW/verilog/sequential_manhattan/main_tb.v Line: 3
Info (12021): Found 1 design units, including 1 entities, in source file divder.v
    Info (12023): Found entity 1: divder File: C:/Users/oxygen/Documents/GitHub/KMeansClusteringSW/verilog/sequential_manhattan/divder.v Line: 40
Info (12021): Found 1 design units, including 1 entities, in source file output_files/mb.v
    Info (12023): Found entity 1: mb File: C:/Users/oxygen/Documents/GitHub/KMeansClusteringSW/verilog/sequential_manhattan/output_files/mb.v Line: 1
Warning (10236): Verilog HDL Implicit Net warning at kmean.v(76): created implicit net for "last_mean" File: C:/Users/oxygen/Documents/GitHub/KMeansClusteringSW/verilog/sequential_manhattan/kmean.v Line: 76
Warning (10236): Verilog HDL Implicit Net warning at kmean.v(77): created implicit net for "last_mem" File: C:/Users/oxygen/Documents/GitHub/KMeansClusteringSW/verilog/sequential_manhattan/kmean.v Line: 77
Warning (10236): Verilog HDL Implicit Net warning at kmean.v(78): created implicit net for "we" File: C:/Users/oxygen/Documents/GitHub/KMeansClusteringSW/verilog/sequential_manhattan/kmean.v Line: 78
Warning (10236): Verilog HDL Implicit Net warning at main_tb.v(13): created implicit net for "strb" File: C:/Users/oxygen/Documents/GitHub/KMeansClusteringSW/verilog/sequential_manhattan/main_tb.v Line: 13
Info (12127): Elaborating entity "kmean" for the top level hierarchy
Warning (10036): Verilog HDL or VHDL warning at kmean.v(44): object "point" assigned a value but never read File: C:/Users/oxygen/Documents/GitHub/KMeansClusteringSW/verilog/sequential_manhattan/kmean.v Line: 44
Warning (10036): Verilog HDL or VHDL warning at kmean.v(62): object "num" assigned a value but never read File: C:/Users/oxygen/Documents/GitHub/KMeansClusteringSW/verilog/sequential_manhattan/kmean.v Line: 62
Warning (10036): Verilog HDL or VHDL warning at kmean.v(64): object "den" assigned a value but never read File: C:/Users/oxygen/Documents/GitHub/KMeansClusteringSW/verilog/sequential_manhattan/kmean.v Line: 64
Warning (10230): Verilog HDL assignment warning at kmean.v(91): truncated value with size 32 to match size of target (15) File: C:/Users/oxygen/Documents/GitHub/KMeansClusteringSW/verilog/sequential_manhattan/kmean.v Line: 91
Warning (10230): Verilog HDL assignment warning at kmean.v(92): truncated value with size 32 to match size of target (15) File: C:/Users/oxygen/Documents/GitHub/KMeansClusteringSW/verilog/sequential_manhattan/kmean.v Line: 92
Warning (10230): Verilog HDL assignment warning at kmean.v(93): truncated value with size 32 to match size of target (15) File: C:/Users/oxygen/Documents/GitHub/KMeansClusteringSW/verilog/sequential_manhattan/kmean.v Line: 93
Warning (10230): Verilog HDL assignment warning at kmean.v(120): truncated value with size 32 to match size of target (7) File: C:/Users/oxygen/Documents/GitHub/KMeansClusteringSW/verilog/sequential_manhattan/kmean.v Line: 120
Warning (10230): Verilog HDL assignment warning at kmean.v(121): truncated value with size 32 to match size of target (5) File: C:/Users/oxygen/Documents/GitHub/KMeansClusteringSW/verilog/sequential_manhattan/kmean.v Line: 121
Warning (10230): Verilog HDL assignment warning at kmean.v(133): truncated value with size 32 to match size of target (23) File: C:/Users/oxygen/Documents/GitHub/KMeansClusteringSW/verilog/sequential_manhattan/kmean.v Line: 133
Warning (10230): Verilog HDL assignment warning at kmean.v(139): truncated value with size 32 to match size of target (7) File: C:/Users/oxygen/Documents/GitHub/KMeansClusteringSW/verilog/sequential_manhattan/kmean.v Line: 139
Warning (10230): Verilog HDL assignment warning at kmean.v(162): truncated value with size 23 to match size of target (9) File: C:/Users/oxygen/Documents/GitHub/KMeansClusteringSW/verilog/sequential_manhattan/kmean.v Line: 162
Warning (10230): Verilog HDL assignment warning at kmean.v(196): truncated value with size 32 to match size of target (23) File: C:/Users/oxygen/Documents/GitHub/KMeansClusteringSW/verilog/sequential_manhattan/kmean.v Line: 196
Info (12128): Elaborating entity "mb" for hierarchy "mb:mem" File: C:/Users/oxygen/Documents/GitHub/KMeansClusteringSW/verilog/sequential_manhattan/kmean.v Line: 79
Info (19000): Inferred 1 megafunctions from design logic
    Info (276029): Inferred altsyncram megafunction from the following design logic: "mb:mem|mem_rtl_0" 
        Info (286033): Parameter OPERATION_MODE set to DUAL_PORT
        Info (286033): Parameter WIDTH_A set to 24
        Info (286033): Parameter WIDTHAD_A set to 7
        Info (286033): Parameter NUMWORDS_A set to 100
        Info (286033): Parameter WIDTH_B set to 24
        Info (286033): Parameter WIDTHAD_B set to 7
        Info (286033): Parameter NUMWORDS_B set to 100
        Info (286033): Parameter ADDRESS_ACLR_A set to NONE
        Info (286033): Parameter OUTDATA_REG_B set to UNREGISTERED
        Info (286033): Parameter ADDRESS_ACLR_B set to NONE
        Info (286033): Parameter OUTDATA_ACLR_B set to NONE
        Info (286033): Parameter ADDRESS_REG_B set to CLOCK0
        Info (286033): Parameter INDATA_ACLR_A set to NONE
        Info (286033): Parameter WRCONTROL_ACLR_A set to NONE
        Info (286033): Parameter READ_DURING_WRITE_MODE_MIXED_PORTS set to OLD_DATA
Info (12130): Elaborated megafunction instantiation "mb:mem|altsyncram:mem_rtl_0"
Info (12133): Instantiated megafunction "mb:mem|altsyncram:mem_rtl_0" with the following parameter:
    Info (12134): Parameter "OPERATION_MODE" = "DUAL_PORT"
    Info (12134): Parameter "WIDTH_A" = "24"
    Info (12134): Parameter "WIDTHAD_A" = "7"
    Info (12134): Parameter "NUMWORDS_A" = "100"
    Info (12134): Parameter "WIDTH_B" = "24"
    Info (12134): Parameter "WIDTHAD_B" = "7"
    Info (12134): Parameter "NUMWORDS_B" = "100"
    Info (12134): Parameter "ADDRESS_ACLR_A" = "NONE"
    Info (12134): Parameter "OUTDATA_REG_B" = "UNREGISTERED"
    Info (12134): Parameter "ADDRESS_ACLR_B" = "NONE"
    Info (12134): Parameter "OUTDATA_ACLR_B" = "NONE"
    Info (12134): Parameter "ADDRESS_REG_B" = "CLOCK0"
    Info (12134): Parameter "INDATA_ACLR_A" = "NONE"
    Info (12134): Parameter "WRCONTROL_ACLR_A" = "NONE"
    Info (12134): Parameter "READ_DURING_WRITE_MODE_MIXED_PORTS" = "OLD_DATA"
Info (12021): Found 1 design units, including 1 entities, in source file db/altsyncram_s5n1.tdf
    Info (12023): Found entity 1: altsyncram_s5n1 File: C:/Users/oxygen/Documents/GitHub/KMeansClusteringSW/verilog/sequential_manhattan/db/altsyncram_s5n1.tdf Line: 28
Info (286030): Timing-Driven Synthesis is running
Info (17049): 4 registers lost all their fanouts during netlist optimizations.
Info (16010): Generating hard_block partition "hard_block:auto_generated_inst"
    Info (16011): Adding 0 node(s), including 0 DDIO, 0 PLL, 0 transceiver and 0 LCELL
Info (21057): Implemented 2991 device resources after synthesis - the final resource count might be different
    Info (21058): Implemented 26 input pins
    Info (21059): Implemented 1 output pins
    Info (21061): Implemented 2935 logic cells
    Info (21064): Implemented 24 RAM segments
    Info (21062): Implemented 5 DSP elements
Info: Quartus Prime Analysis & Synthesis was successful. 0 errors, 17 warnings
    Info: Peak virtual memory: 4924 megabytes
    Info: Processing ended: Thu Apr 22 08:19:08 2021
    Info: Elapsed time: 00:00:10
    Info: Total CPU time (on all processors): 00:00:19


